
> along-app@0.1.0 test
> jest --no-coverage

FAIL app/lib/utils/__tests__/auth.test.ts
  ● auth.ts utility functions › setAuthTokens › should set secure flag in production environment

    TypeError: process.env.NODE_ENV is not a function

    [0m [90m 72 |[39m
     [90m 73 |[39m         it([32m'should set secure flag in production environment'[39m[33m,[39m () [33m=>[39m {
    [31m[1m>[22m[39m[90m 74 |[39m             [36mconst[39m originalEnv [33m=[39m process[33m.[39menv[33m.[39m[33mNODE_ENV[39m
     [90m    |[39m                                             [31m[1m^[22m[39m
     [90m 75 |[39m
     [90m 76 |[39m             [90m// Mock NODE_ENV before calling setAuthTokens[39m
     [90m 77 |[39m             (process[33m.[39menv [36mas[39m any)[33m.[39m[33mNODE_ENV[39m [33m=[39m [32m'production'[39m[0m

      at Object.NODE_ENV (app/lib/utils/__tests__/auth.test.ts:74:45)

Terminate batch job (Y/N)? Terminate batch job (Y/N)? 